// Jest Snapshot v1, https://goo.gl/fbAQLP

exports[`CoinListTable should render 1`] = `
<div>
  <table
    class="table table-striped table-bordered"
  >
    <thead>
      <tr>
        <th>
          Image
        </th>
        <th>
          Name
        </th>
        <th>
          Symbol
        </th>
        <th>
          Current Price
        </th>
        <th>
          High Price
        </th>
        <th>
          Low Price
        </th>
      </tr>
    </thead>
    <tbody>
      <tr>
        <td>
          <img
            alt="Bitcoin"
            height="24"
            src="https://assets.coingecko.com/coins/images/1/large/bitcoin.png?1547033579"
            width="24"
          />
        </td>
        <td>
          <a
            href="/coin-details/bitcoin"
          >
            Bitcoin
          </a>
        </td>
        <td>
          <a
            href="/coin-details/bitcoin"
          >
            btc
          </a>
        </td>
        <td>
          <a
            href="/coin-details/bitcoin"
          >
            20451
          </a>
        </td>
        <td>
          <a
            href="/coin-details/bitcoin"
          >
            20602
          </a>
        </td>
        <td>
          <a
            href="/coin-details/bitcoin"
          >
            20217
          </a>
        </td>
      </tr>
      <tr>
        <td>
          <img
            alt="Ethereum"
            height="24"
            src="https://assets.coingecko.com/coins/images/279/large/ethereum.png?1595348880"
            width="24"
          />
        </td>
        <td>
          <a
            href="/coin-details/ethereum"
          >
            Ethereum
          </a>
        </td>
        <td>
          <a
            href="/coin-details/ethereum"
          >
            eth
          </a>
        </td>
        <td>
          <a
            href="/coin-details/ethereum"
          >
            1389.97
          </a>
        </td>
        <td>
          <a
            href="/coin-details/ethereum"
          >
            1399.7
          </a>
        </td>
        <td>
          <a
            href="/coin-details/ethereum"
          >
            1346.11
          </a>
        </td>
      </tr>
      <tr>
        <td>
          <img
            alt="Tether"
            height="24"
            src="https://assets.coingecko.com/coins/images/325/large/Tether-logo.png?1598003707"
            width="24"
          />
        </td>
        <td>
          <a
            href="/coin-details/tether"
          >
            Tether
          </a>
        </td>
        <td>
          <a
            href="/coin-details/tether"
          >
            usdt
          </a>
        </td>
        <td>
          <a
            href="/coin-details/tether"
          >
            1.018
          </a>
        </td>
        <td>
          <a
            href="/coin-details/tether"
          >
            1.023
          </a>
        </td>
        <td>
          <a
            href="/coin-details/tether"
          >
            1.007
          </a>
        </td>
      </tr>
      <tr>
        <td>
          <img
            alt="BNB"
            height="24"
            src="https://assets.coingecko.com/coins/images/825/large/bnb-icon2_2x.png?1644979850"
            width="24"
          />
        </td>
        <td>
          <a
            href="/coin-details/binancecoin"
          >
            BNB
          </a>
        </td>
        <td>
          <a
            href="/coin-details/binancecoin"
          >
            bnb
          </a>
        </td>
        <td>
          <a
            href="/coin-details/binancecoin"
          >
            299.3
          </a>
        </td>
        <td>
          <a
            href="/coin-details/binancecoin"
          >
            300.34
          </a>
        </td>
        <td>
          <a
            href="/coin-details/binancecoin"
          >
            295.8
          </a>
        </td>
      </tr>
    </tbody>
  </table>
</div>
`;
