// Jest Snapshot v1, https://goo.gl/fbAQLP

exports[`LoaderComponent should render 1`] = `
<div>
  <div
    class="container"
  >
    <div
      class="row"
    >
      <div
        class="col"
      >
        <div
          class="spinner-border"
        />
        Please Wait...
      </div>
    </div>
  </div>
</div>
`;
